// Jest Snapshot v1, https://goo.gl/fbAQLP

exports[`nock should mock the response 1`] = `
Object {
  "email": "dasinih@nadedok.ch",
  "firstName": "Jerry",
  "id": 1,
  "lastName": "Simoni",
  "password": "RNVhUantPjOu",
  "phone": "(526) 893-4707",
  "userStatus": true,
  "username": "ZBwiHHrAoRhZiENxHDXh",
}
`;
