// Jest Snapshot v1, https://goo.gl/fbAQLP

exports[`getByMethodAndPath /v2/petstore.json 1`] = `{"operationId":"addPet","method":"post","path":"/pet"}`;

exports[`getByMethodAndPath /v2/petstore.json 2`] = `
Object {
  "info": {"operationId":"addPet","path":"/pet","method":"post"},
  "schema": Object {
    "headers": null,
    "params": null,
    "queries": null,
    "requestBody": Object {
      "contentType": "application/json",
      "schema": {"type":"object","required":["name","photoUrls"],"properties":{"id":{"type":"integer","format":"int64"},"category":{"type":"object","properties":{"id":{"type":"integer","format":"int64"},"name":{"type":"string"}},"xml":{"name":"Category"}},"name":{"type":"string","example":"doggie"},"photoUrls":{"type":"array","xml":{"wrapped":true},"items":{"type":"string","xml":{"name":"photoUrl"}}},"tags":{"type":"array","xml":{"wrapped":true},"items":{"xml":{"name":"tag"},"type":"object","properties":{"id":{"type":"integer","format":"int64"},"name":{"type":"string"}}}},"status":{"type":"string","description":"pet status in the store","enum":["available","pending","sold"]}},"xml":{"name":"Pet"},"$id":"RequestBody","$schema":"http://json-schema.org/draft-07/schema#"},
      "type": "json",
    },
    "responseBody": Object {
      "all": {"$id":"Response","oneOf":[{"$ref":"Response405"}],"$schema":"http://json-schema.org/draft-07/schema#"},
      "statuses": Object {
        "405": {"$id":"Response405","type":"boolean","not":true,"$schema":"http://json-schema.org/draft-07/schema#"},
      },
      "success": null,
    },
  },
}
`;

exports[`getByMethodAndPath /v2/petstore.json 3`] = `
Object {
  "info": {"operationId":"addPet","path":"/pet","method":"post"},
  "schema": Object {
    "headers": null,
    "params": null,
    "queries": null,
    "requestBody": Object {
      "contentType": "application/json",
      "schema": {"type":"object","required":["name","photoUrls"],"properties":{"id":{"type":"integer","format":"int64"},"category":{"type":"object","properties":{"id":{"type":"integer","format":"int64"},"name":{"type":"string"}},"xml":{"name":"Category"}},"name":{"type":"string","example":"doggie"},"photoUrls":{"type":"array","xml":{"wrapped":true},"items":{"type":"string","xml":{"name":"photoUrl"}}},"tags":{"type":"array","xml":{"wrapped":true},"items":{"xml":{"name":"tag"},"type":"object","properties":{"id":{"type":"integer","format":"int64"},"name":{"type":"string"}}}},"status":{"type":"string","description":"pet status in the store","enum":["available","pending","sold"]}},"xml":{"name":"Pet"},"$id":"RequestBody","$schema":"http://json-schema.org/draft-07/schema#"},
      "type": "json",
    },
    "responseBody": Object {
      "all": {"$id":"Response","oneOf":[{"$ref":"Response405"}],"$schema":"http://json-schema.org/draft-07/schema#"},
      "statuses": Object {
        "405": {"$id":"Response405","type":"boolean","not":true,"$schema":"http://json-schema.org/draft-07/schema#"},
      },
      "success": null,
    },
  },
}
`;

exports[`getByMethodAndPath /v3/petstore.json 1`] = `{"operationId":"addPet","method":"post","path":"/pet"}`;

exports[`getByMethodAndPath /v3/petstore.json 2`] = `
Object {
  "info": {"operationId":"addPet","path":"/pet","method":"post"},
  "schema": Object {
    "headers": null,
    "params": null,
    "queries": null,
    "requestBody": Object {
      "contentType": "application/json",
      "schema": {"required":["name","photoUrls"],"type":"object","properties":{"id":{"type":"integer","format":"int64","example":10},"name":{"type":"string","example":"doggie"},"category":{"type":"object","properties":{"id":{"type":"integer","format":"int64","example":1},"name":{"type":"string","example":"Dogs"}},"xml":{"name":"category"}},"photoUrls":{"type":"array","xml":{"wrapped":true},"items":{"type":"string","xml":{"name":"photoUrl"}}},"tags":{"type":"array","xml":{"wrapped":true},"items":{"type":"object","properties":{"id":{"type":"integer","format":"int64"},"name":{"type":"string"}},"xml":{"name":"tag"}}},"status":{"type":"string","description":"pet status in the store","enum":["available","pending","sold"]}},"xml":{"name":"pet"},"$id":"RequestBody","$schema":"http://json-schema.org/draft-07/schema#"},
      "type": "json",
    },
    "responseBody": Object {
      "all": {"$id":"Response","oneOf":[{"$ref":"Response200"},{"$ref":"Response405"}],"$schema":"http://json-schema.org/draft-07/schema#"},
      "statuses": Object {
        "200": {"required":["name","photoUrls"],"type":"object","properties":{"id":{"type":"integer","format":"int64","example":10},"name":{"type":"string","example":"doggie"},"category":{"type":"object","properties":{"id":{"type":"integer","format":"int64","example":1},"name":{"type":"string","example":"Dogs"}},"xml":{"name":"category"}},"photoUrls":{"type":"array","xml":{"wrapped":true},"items":{"type":"string","xml":{"name":"photoUrl"}}},"tags":{"type":"array","xml":{"wrapped":true},"items":{"type":"object","properties":{"id":{"type":"integer","format":"int64"},"name":{"type":"string"}},"xml":{"name":"tag"}}},"status":{"type":"string","description":"pet status in the store","enum":["available","pending","sold"]}},"xml":{"name":"pet"},"$id":"Response200","$schema":"http://json-schema.org/draft-07/schema#"},
        "405": {"$id":"Response405","type":"boolean","not":true,"$schema":"http://json-schema.org/draft-07/schema#"},
      },
      "success": {"$id":"ResponseOk","oneOf":[{"$ref":"Response200"}],"$schema":"http://json-schema.org/draft-07/schema#"},
    },
  },
}
`;

exports[`getByMethodAndPath /v3/petstore.json 3`] = `
Object {
  "info": {"operationId":"addPet","path":"/pet","method":"post"},
  "schema": Object {
    "headers": null,
    "params": null,
    "queries": null,
    "requestBody": Object {
      "contentType": "application/json",
      "schema": {"required":["name","photoUrls"],"type":"object","properties":{"id":{"type":"integer","format":"int64","example":10},"name":{"type":"string","example":"doggie"},"category":{"type":"object","properties":{"id":{"type":"integer","format":"int64","example":1},"name":{"type":"string","example":"Dogs"}},"xml":{"name":"category"}},"photoUrls":{"type":"array","xml":{"wrapped":true},"items":{"type":"string","xml":{"name":"photoUrl"}}},"tags":{"type":"array","xml":{"wrapped":true},"items":{"type":"object","properties":{"id":{"type":"integer","format":"int64"},"name":{"type":"string"}},"xml":{"name":"tag"}}},"status":{"type":"string","description":"pet status in the store","enum":["available","pending","sold"]}},"xml":{"name":"pet"},"$id":"RequestBody","$schema":"http://json-schema.org/draft-07/schema#"},
      "type": "json",
    },
    "responseBody": Object {
      "all": {"$id":"Response","oneOf":[{"$ref":"Response200"},{"$ref":"Response405"}],"$schema":"http://json-schema.org/draft-07/schema#"},
      "statuses": Object {
        "200": {"required":["name","photoUrls"],"type":"object","properties":{"id":{"type":"integer","format":"int64","example":10},"name":{"type":"string","example":"doggie"},"category":{"type":"object","properties":{"id":{"type":"integer","format":"int64","example":1},"name":{"type":"string","example":"Dogs"}},"xml":{"name":"category"}},"photoUrls":{"type":"array","xml":{"wrapped":true},"items":{"type":"string","xml":{"name":"photoUrl"}}},"tags":{"type":"array","xml":{"wrapped":true},"items":{"type":"object","properties":{"id":{"type":"integer","format":"int64"},"name":{"type":"string"}},"xml":{"name":"tag"}}},"status":{"type":"string","description":"pet status in the store","enum":["available","pending","sold"]}},"xml":{"name":"pet"},"$id":"Response200","$schema":"http://json-schema.org/draft-07/schema#"},
        "405": {"$id":"Response405","type":"boolean","not":true,"$schema":"http://json-schema.org/draft-07/schema#"},
      },
      "success": {"$id":"ResponseOk","oneOf":[{"$ref":"Response200"}],"$schema":"http://json-schema.org/draft-07/schema#"},
    },
  },
}
`;

exports[`getByOperationId /v2/petstore.json 1`] = `{"operationId":"addPet","method":"post","path":"/pet"}`;

exports[`getByOperationId /v3/petstore.json 1`] = `{"operationId":"addPet","method":"post","path":"/pet"}`;
