// Jest Snapshot v1, https://goo.gl/fbAQLP

exports[`fakeOperation /v2/petstore.json 1`] = `
Object {
  "defaultResponse": null,
  "headers": null,
  "params": null,
  "queries": null,
  "requestBody": Object {
    "complete": true,
    "id": "17920a8a-19a9-5c05-b52f-6ffbba8d8807",
    "petId": "7e483f3e-3109-5ff0-acc1-3b92dc6dc92e",
    "quantity": 7,
    "shipDate": "1972-09-18T14:00:00.0Z",
    "status": "placed",
  },
  "responseByStatuses": Object {
    "200": null,
    "400": null,
  },
}
`;

exports[`fakeOperation /v3/petstore.json 1`] = `
Object {
  "defaultResponse": Object {
    "complete": true,
    "id": "4bfe65bd-d223-5b63-819a-2f9a19cac2c0",
    "petId": "04301cbc-6818-5f5f-b6a9-ad24798ed11f",
    "quantity": 5,
    "shipDate": "1989-04-19T14:00:00.0Z",
    "status": "approved",
  },
  "headers": null,
  "params": null,
  "queries": null,
  "requestBody": Object {
    "complete": true,
    "id": "289a47e5-2514-50f8-9ec8-17fcb9cb639d",
    "petId": "e45ece65-1cd5-5964-a0ca-423de79940a3",
    "quantity": 10,
    "shipDate": "2020-04-01T13:00:00.0Z",
    "status": "placed",
  },
  "responseByStatuses": Object {
    "200": Object {
      "complete": true,
      "id": "95c5eeb7-58e0-5031-a55f-3e8c0c472540",
      "petId": "2879c9ae-17c7-51ad-80bb-a3434a8f8c2b",
      "quantity": 2,
      "shipDate": "1967-06-20T14:00:00.0Z",
      "status": "placed",
    },
    "405": null,
  },
}
`;

exports[`fakeOperationResponse should accept override objects 1`] = `
Object {
  "add-pet.ts": "export const requestBody = {
	name: 'Rosie Atkins',
	photoUrls: [
		'https://RwTGcSLYHfTVKraOTzGKJCvHVCOyd.umymtgj,qP6JlURz-tDQcxcKRS96z29WmeST12ew',
	],
	id: '102059f5-7690-52eb-b22d-63ebdd50d925',
	category: {
		name: 'Micheal Gross',
		id: '6198e49e-6be6-522d-a775-0bd3fea36274',
	},
	status: 'pending',
	tags: [
		{
			name: 'Cornelia Allison',
			id: 'f48f5395-181e-5d53-be6a-bf646d88e77f',
		},
	],
};

export const defaultResponse = {
	name: 'Lillie Ortiz',
	photoUrls: [
		'http://FNixx.nptxEs4xxm.HO-0Va22NwaxvruO,gBsJ3EFLyuIYeK-jXqdkXCM8U3PCLkT-.vYnG9lkX21kO',
		'https://JGRxssgWyTlindbKLGQvBO.ihfcU',
		'http://IPj.wsKGrJzJ',
	],
	tags: [{ name: 'Jim Wilson', id: '9517a991-43ef-569d-8c18-17cd3147d515' }],
	status: 'available',
	id: '38c28913-a99f-53d7-955d-696f0bfb1a5c',
	category: {
		name: 'Gene Brock',
		id: 'f60e467e-8f39-50db-89f9-b9757fba078b',
	},
};

export const response200 = {
	name: 'Gertrude Hoffman',
	photoUrls: [
		'https://GuJdYVDYdBPrjLJbJvgCY.oljiLaUL8SuBdHUegBuoxxVjJMqq',
		'http://wlhaSBxiRqRrRiFbbRAkduDAnxknkckD.sywoQMTsU3CgfUaG6ekM9xqXbU69uPOI0E07cdN1,CvP1a5',
		'http://yycfyuHulhTpwjq.avzDe2zElGz8YRuoM7uL,WL,chmuLvXkYZSdg-KzdtRvbCWAem41',
		'http://EwIMhGDwgZcNIbfXVGXnvtTBeTVs.fzroywoJY,a.tjZTMI8-oF+jbYFQ6ktUUMYHObM',
	],
	tags: [
		{ name: 'Todd Morrison', id: 'dcbfbb7e-b36d-550a-82be-f2dedd0d560b' },
		{ id: '94068fb7-0bdb-529e-be10-7135937605ff', name: 'Philip Jackson' },
		{ name: 'Steven Rios', id: '9e145b11-c474-5725-a680-9e819cf75ad4' },
		{ id: '32881f95-1e9a-55a9-b961-867253f64468', name: 'Wayne Kelly' },
	],
	status: 'available',
	category: {
		name: 'Isaac Smith',
		id: '79416474-608f-5356-a057-c4be995fdd12',
	},
	id: 'b19e956c-195f-55ca-a197-74df56b36bc0',
};
",
  "create-user.ts": "export const requestBody = {
	userStatus: false,
	id: '61c44642-8c94-5deb-b363-4408daa1097d',
	username: 'YngNJLEysUAHhXT',
	phone: '(581) 827-8572',
	email: 'usufol@ju.th',
	lastName: 'Saunders',
	firstName: 'George',
	password: 'buwmceOAFE',
};

export const defaultResponse = {
	firstName: 'Leon',
	password: 'ZtLIFrnIGr',
	email: 'belloloca@mebakiba.mq',
	phone: '(951) 464-4944',
	lastName: 'Johnston',
	username: 'JHiyJecJUmgdFGmskDP',
	id: '1135ef59-633a-57bf-a86e-475b2deae2ef',
	userStatus: true,
};

export const response200 = {
	userStatus: false,
	password: 'nKIRuZZgJBhjWbJX',
	firstName: 'Ryan',
	phone: '(719) 473-2352',
	lastName: 'Cain',
	email: 'vodabad@ozgof.az',
	username: 'VLMlqNRQg',
	id: 'bc1634ff-ab98-51be-a18b-c29adb7d058d',
};
",
  "create-users-with-array-input.ts": "export const requestBody = [
	{
		userStatus: false,
		firstName: 'Edward',
		lastName: 'Boer',
		username: 'roCEQcpjApbj',
		email: 'so@faud.lu',
		phone: '(804) 200-9661',
		password: 'fDFrhYgGJmYVnZbWW',
		id: '9a2c3205-267a-5aa4-ac37-16c592516457',
	},
	{
		email: 'kuhillo@bo.no',
		phone: '(248) 840-3297',
		username: 'iFpQEgbgyhiD',
		lastName: 'Milani',
		firstName: 'Caroline',
		userStatus: false,
		password: 'XxZXvcBCicOHIJoDC',
		id: 'b526a4dd-d6ae-5294-976b-43e0ac3e007a',
	},
	{
		firstName: 'Teresa',
		email: 'awpa@tik.yt',
		lastName: 'Wade',
		id: 'f5079131-2727-55db-8002-d6211c27716a',
		phone: '(924) 415-5989',
		username: 'cMVkTcDeTUUA',
		password: 'ckSGYwYMCkQkqqOMq',
		userStatus: true,
	},
	{
		userStatus: true,
		password: 'YxBmfyDzJHmotmjPy',
		username: 'oJWCRFAerCul',
		lastName: 'Curtis',
		firstName: 'Pearl',
		email: 'vobi@madeve.ne',
		phone: '(545) 268-6606',
		id: 'e99be3fa-fb33-5733-915e-51ab1894f72e',
	},
];
",
  "create-users-with-list-input.ts": "export const requestBody = [
	{
		phone: '(369) 213-3981',
		username: 'MRavMU',
		email: 'ipono@rotvezup.cl',
		lastName: 'Fry',
		firstName: 'James',
		password: 'UsmTxMaSBbyBOlxSjP',
		userStatus: false,
		id: '1270d0e5-722d-51ab-9385-f7eb5bb61130',
	},
];
",
  "delete-order.ts": "export const params = { orderId: 'f4475e21-17ae-5f1d-a79d-4e54f33c3710' };
",
  "delete-pet.ts": "export const headers = { api_key: 'consequat sit ex' };

export const params = { petId: 'b8eaf345-d99c-5c5b-b7e6-c7e58e8a7a97' };
",
  "delete-user.ts": "export const params = { username: 'do ipsum et Duis magna' };
",
  "find-pets-by-status.ts": "export const queries = { status: 'available' };

export const defaultResponse = [
	{
		name: 'Alejandro Fleming',
		photoUrls: [
			'http://WriizBjSCweN.oakbt4jk4ETSeZHkwNQvm',
			'https://X.ntikXb7HzS6EdSzozX9jpLMI,Meltfpg-ipUa6oK',
			'http://iIfFGBAuSTtvIhyqgxBapv.yayLU2rJweU+lGCqR2rT1X',
			'http://PUlfbLCWMWuCIRbgsYlPHzPEDyfg.pesDGZuRK',
			'http://CkLxVqBdRCCsemOtPlq.heh8mquCUFRSGInmVUSn9LfSqZa.jjpC9ZrvHyKCpRCMqA4hen1FfaPcu4JgnYrQmQ',
		],
		status: 'sold',
		tags: [
			{
				name: 'Claudia Brooks',
				id: '21621095-0176-5bfe-b349-10d5ef4446ff',
			},
			{
				name: 'Gilbert Klein',
				id: 'f00f436d-143d-56cc-b6d4-8735397e92f4',
			},
			{ id: 'e95c0627-c036-5075-9a8b-1c8c0387dfe5', name: 'Luis Harper' },
			{ name: 'Betty Moss', id: '3029a02e-7664-5c57-97bb-2710fe6ac800' },
		],
		id: '5e561468-58f4-5416-ab7e-afc928e94b5e',
		category: {
			name: 'Estella Todd',
			id: '1051c2d0-bc85-59f3-92e5-0775ba787903',
		},
	},
	{
		name: 'Edward Ross',
		photoUrls: ['https://RyZXYRtAwAtpPzHjADKKoRIOVzY.qsdrz'],
		category: {
			id: '0a149ae4-96ab-597e-b982-9041671c33ba',
			name: 'Leroy McGuire',
		},
		id: 'd0b43a03-82ed-563b-a2a8-686d391c96ae',
		status: 'pending',
		tags: [
			{
				name: 'Rachel Barker',
				id: '92fa32c0-100e-5992-8852-2f8ed14843f8',
			},
		],
	},
	{
		name: 'Randy Perkins',
		photoUrls: [
			'https://KgBPWAVZtEOKwLRQbwviphV.faeMt',
			'https://AjreNzHeFkahNAFOMcLjNjZGAq.fpiBNRUauQTZkaPWohO88RbdijQvtlQ',
			'https://XUoDbEzMaeCdBVIlGPJy.hkhzf4Ta',
			'http://ystXbV.lhgqFj2EWhwIV2wljs1NCfLaqp4NenJz6U-VyMDZrDg7aG7,6s',
		],
		status: 'pending',
		id: '12458e3b-9398-58dd-9da2-405f5168e3a7',
		tags: [
			{
				name: 'Steven Watts',
				id: 'd3fec904-3f24-5cfb-802e-cb1776eeb4fc',
			},
			{
				id: '60622bbd-8bb4-5808-a08d-b606ce581d40',
				name: 'Harvey Jordan',
			},
		],
		category: {
			id: '8df1eda6-6bda-5a63-9116-d9a05985ad3b',
			name: 'Willie Griffin',
		},
	},
];

export const response200 = [
	{
		name: 'Bobby Welch',
		photoUrls: ['https://bmgUsNNmaMfHE.wadvYe1Z.uRuct9YWKu9xKnVOsf,roSk0c'],
		status: 'pending',
		id: '82335601-51fb-59d2-a052-bc16b5f005e1',
		category: {
			name: 'Daisy Osborne',
			id: '838ebf7a-2a64-5278-b984-c78e92f60553',
		},
		tags: [
			{
				name: 'Catherine Pena',
				id: '15ab147a-0b4f-56bc-b545-29b31bf1a22f',
			},
			{ name: 'Wayne Hill', id: '0f3eb699-84ba-5ef4-8da5-31616bb2cb25' },
			{
				name: 'Arthur Saunders',
				id: 'e92cf565-ce57-566c-b53b-9c21e52ce64c',
			},
			{
				id: '8666fcaf-bf2d-52ac-839a-30118fa88059',
				name: 'Steven Rivera',
			},
		],
	},
];
",
  "find-pets-by-tags.ts": "export const queries = {
	tags: ['magna', 'ipsum cupidatat ex consequat', 'non'],
};

export const defaultResponse = [
	{
		name: 'Josephine Lawson',
		photoUrls: [
			'http://keuqAtKJswEGDzPzTnUdexD.jen4avRjaoiozC',
			'http://yXieokpSkHooUGyOCw.rdrLB0Kqed7',
			'http://Q.noqep+GtlbJwQnRe-aDNiqw0W1Fu,SZH,mIVOg,Znmmz',
			'https://xHZuPdhynFHCZynPEMZejswEnTjIX.aoufuTaNHKE',
			'https://GnbpciAlaCBXwEomfzWxbxa.qndgw3lvRVvNHPMxMR1dLUrAO9R.',
		],
		category: {
			id: '0ebb99c1-2d2e-509a-9c36-bd4e31b35322',
			name: 'Virgie Blair',
		},
		id: 'a15e99bd-5a69-573a-b2a1-40e9893ab6a5',
		tags: [
			{ name: 'Hulda Dunn', id: 'e5407263-8155-5367-b41a-41c268661ed7' },
			{ name: 'Chris Jones', id: '4e0a1592-001d-5e7a-9773-148319829c9e' },
			{
				id: 'e59f89f2-663f-5d40-80f0-13b6f894a309',
				name: 'Leona Mitchell',
			},
		],
		status: 'pending',
	},
	{
		name: 'Lettie Lambert',
		photoUrls: [
			'http://zNixEmUTCGkCBDOYLyJsDdLkNOUQbr.nwBfJf-4jvox9fJ1w6uoDD1ptjC0eAOOOBn8Sjv-+',
		],
		id: '951a9d4e-6fb3-518b-983f-b256f8b7db35',
		tags: [
			{
				name: 'Carlos Hubbard',
				id: '50879778-f571-538a-82e4-0cc5586e634c',
			},
			{
				id: '4211470f-b2f5-5d81-9dda-cf6d07f8989d',
				name: 'Luke McDonald',
			},
		],
		category: {
			id: '551f59cd-66dd-5cde-baa8-914d7b1f4af1',
			name: 'Dale Schneider',
		},
		status: 'pending',
	},
	{
		name: 'Nannie Nichols',
		photoUrls: [
			'http://EcBLQPsgFqXSLgjBCZqGzIuMWdaG.pdtv1SUEBHtR9ERjvZTpBjv55M-+fgkbo+LR-pTG',
			'http://sOAzNEKY.xenJZ,qQkq32ralSQji3SwmB.J6BrFfzwn0XHRKcsl',
			'https://xmRvjoeiEmAApGYkvgpzjllnYI.lswz4Z28jcVii,bWZrsYQWnQq15DTmfZCetV-yDKMjKART+LzBJnobKSq0q',
			'http://mcOebmGohLsMYVDCPXBBmgdUzlT.hhPbmP9oFAWZVQM99lLNQKGHq.BtBrZ8jp6BX8QnH3hH-ehRmHrwFwsR+e',
		],
		tags: [
			{
				id: '9b5e312c-7ece-5640-855c-30a169268c1b',
				name: 'Sophie Hayes',
			},
			{ id: '427c19a4-9d83-522e-b062-caee5bdbe448', name: 'Brent Rose' },
			{ name: 'Kevin Fox', id: 'c2296d63-cd44-5757-a24c-8702fd4d605e' },
		],
		category: {
			id: '48d71e73-ab10-53e0-8e9a-ad520af98a35',
			name: 'Jared Gray',
		},
		status: 'available',
		id: '8c63bc72-30ed-59b4-9a73-4a805cad508f',
	},
	{
		name: 'Leona Hoffman',
		photoUrls: [
			'http://ySREQKLCapHEFk.jbaLPtAEnxVJ',
			'https://IAQWiDVasKOV.dwot7kz4OL+h5GZyPPcXQKrWkrcRgBDWkb9HurHbxjjkCbHA+ZNqYb7',
			'http://mxrrq.jcatZdgoHUr2TvgAyu7YLkxVeSg2cjWpg1Lyerp',
		],
		tags: [
			{
				name: 'Gussie Peters',
				id: 'ed775049-3d93-5cd9-a243-615719c4c906',
			},
			{
				name: 'Mamie Garcia',
				id: 'a883edba-4729-5b39-98e8-9800a2b48578',
			},
			{ name: 'Sadie Mills', id: '7ed5bdb3-d0ba-5c30-b176-d65971f1aa3e' },
		],
		category: {
			name: 'Hester Holmes',
			id: '877ec265-dfc8-582e-a920-de261e8fde7b',
		},
		status: 'sold',
		id: '32bdb297-cb5b-5aee-97c5-dd42261bc50d',
	},
];

export const response200 = [
	{
		name: 'Estella Walters',
		photoUrls: [
			'https://krBaYVMzdxyrQeSylXeXryJDqmkZ.wwggYVW7s4ZpDRX8hCCIt3xQSQzduamGW3Psc',
			'https://EbsnaL.uakKHqayJ5tG.V.QfMbRDQ',
		],
		category: {
			name: 'Genevieve Walsh',
			id: '54acd7f2-30ed-5448-b439-99ec50b0eaa5',
		},
		status: 'sold',
		id: '45eb3795-bbd0-5e32-9fa9-32df7b123c36',
		tags: [
			{
				id: '96138f68-8534-567b-ae24-f0cd35f45a48',
				name: 'Jennie Stewart',
			},
			{
				id: '9c66ec53-05be-54ed-acd8-8a2db3b66550',
				name: 'Caroline Salazar',
			},
		],
	},
	{
		name: 'Charlie Hammond',
		photoUrls: [
			'https://PchKxjpwurtItrNPSqtWBcA.punlV33NLfsYcmhWZ,5FSfX,n5UnB9abdWF87HBntKnTDVZvgjel8rtZ8t',
			'https://GOWJTvgAGStOnmP.vzbwINqbnBpUQ4O4.-d11.Vfjl8hsh0Xyu2V6HSPRnuEg7VkVSvdGWLtYZnzHGmKrswh2PT.6Ag9hzkxU',
			'https://fwqGNNrAYbhNLNk.wxiu4sq9QU',
			'https://yvYFm.vqabuh,QTTBEaPhXIMAG0ozVFq-+YDqqQB8B2lTEzcXQcuhYyLnDZHzHSxJS1bIadK',
			'https://VDulSvUrfZ.pvsydxEFFnSPb0fkPRAc',
		],
		category: {
			name: 'Chris Anderson',
			id: '0417ffd3-3cce-5fb5-b73f-f5cd1d1b9dac',
		},
		id: '83b138fa-bcf1-5b54-942f-b1eec3bd2a6a',
		status: 'pending',
		tags: [
			{
				name: 'Lucile Casey',
				id: '78e9d97f-8627-54d1-b583-ef0e9613f49b',
			},
			{ id: 'd0c1a026-9158-567c-abad-8d79692f5852', name: 'Ada Tyler' },
			{ name: 'Carl Luna', id: '71e42d45-7699-53ab-9458-7c2ce7f56f6c' },
		],
	},
	{
		name: 'Lulu Mason',
		photoUrls: [
			'http://hf.mucOukYPEIlhM8',
			'http://WbxPDkcsHi.fibyGSgVi9NFCXpEU.RosgWlRNcw+Xh-FVSecfp.4Dn9wk+',
			'http://TtLmeDywdYtdopcbGGRjtVFauHtdj.emziIkfAoFLLkhVFQVUDFX2A,MoW.,bQxn2XKu8NHFDImwxClUFlG',
			'https://Nu.fdvewuPvQmcJjdsnI8xjJtCCOJCsZUCMzApR',
		],
		id: 'bb9b3b16-67cc-59ed-a93b-c7870e69da0d',
		status: 'sold',
		category: {
			id: '8fadfde6-cf45-5618-8249-ab544077600c',
			name: 'Mollie McGee',
		},
		tags: [
			{ id: '5694fdff-d3a5-5ac1-86d3-cd74014d989e', name: 'Don Webster' },
		],
	},
];
",
  "get-inventory.ts": "export const defaultResponse = { Duis3: 48362285 };

export const response200 = { elit28: 26350253 };
",
  "get-order-by-id.ts": "export const params = { orderId: '57930da7-2b60-5f6c-a063-353fe0cbfd44' };

export const defaultResponse = {
	petId: '4ec7fb38-feb1-5be5-a839-3a761a4309aa',
	complete: true,
	shipDate: '1993-07-26T14:00:00.0Z',
	id: '9ba6eed9-a66e-59e9-a4c3-4b0817995026',
	quantity: 7,
	status: 'placed',
};

export const response200 = {
	quantity: 3,
	petId: 'bb0178ef-c61f-58dd-a5e3-6cde30b258ee',
	shipDate: '2001-04-14T14:00:00.0Z',
	id: 'a7c3a05c-3951-5847-ad31-799e4f5b5710',
	status: 'delivered',
	complete: false,
};
",
  "get-pet-by-id.ts": "export const params = { petId: 'http://LyFdydMvVA.rigOL,Wd.K6YP0HKwHo' };

export const defaultResponse = {
	name: 'Bertie Jordan',
	photoUrls: [
		'https://mYtTKVOyOlipqp.qawtAd.WDKNvpD5RjLyDb0e3lVVhxa-ap7dovPnmfdGxm1oGj6PmB-jdws+',
		'http://tsKvNAgeJfDjcqI.wfvqMc4rdxxaHom-6DhFpTbL4OsB1',
		'http://YwCGNdICBmSItNQwFijVegwRal.gxbvohVAlie7l+',
	],
	tags: [
		{ name: 'Jordan Reeves', id: '5a856a39-2578-57ee-834a-90c8ac9049ad' },
		{ id: '339aa216-f28f-51cf-b1d5-ea2db47049e1', name: 'Edna Ramos' },
		{
			name: 'Jeffery Castillo',
			id: '7141921b-f407-5ca8-8e89-422dae691284',
		},
		{ id: 'a9ffcf6a-eac9-5be3-b962-030d608ba7cc', name: 'Rhoda Jones' },
	],
	status: 'pending',
	id: 'a914b551-bf0b-51b8-bf41-c7f221c47c82',
	category: {
		id: 'c5a36237-464c-53b0-94cf-2c7b72cd3aa7',
		name: 'Minerva Nunez',
	},
};

export const response200 = {
	name: 'Alberta Swanson',
	photoUrls: [
		'http://KXsWDRWNlalSmiSUTCcufvy.nsfih7Gglw9SEKi2hbCCWFXCVrasWYDlcfb2wQ',
		'http://AeMSoBFeghtVusl.teDuLqW0QgCBK-MEPup.0N6vXQiSLu6qe5TazGGlySUnxTBVGzudo+I1OK',
	],
	category: { id: '00d161bf-81df-5c57-9482-aaf428cb4c3f', name: 'Ann Yates' },
	status: 'pending',
	tags: [
		{ name: 'Isabel Nguyen', id: '75ac87ce-6c97-5ebc-b66e-6da8fc7ca48f' },
		{ id: 'f1d14ac7-cc36-5007-8ae0-983b37545b83', name: 'Lora Barnes' },
		{ id: 'b0321f53-051c-5408-9ac6-47438b00dbe3', name: 'Ray Malone' },
		{ name: 'Lily Rice', id: '109b94a3-2f98-5f95-a486-8f07547bc6e4' },
		{ name: 'Ruth Gray', id: 'd84582f2-1fd0-5b6c-b230-c0f04902e8af' },
	],
	id: '1d1a13a7-c3c2-50f7-9a34-bc77f059f36a',
};
",
  "get-user-by-name.ts": "export const params = { username: 'consequat' };

export const defaultResponse = {
	username: 'UEVwPLHuZX',
	email: 'lotzir@ucisileg.hn',
	userStatus: false,
	lastName: 'Mazzini',
	password: 'qufkK',
	firstName: 'Leroy',
	id: '40b8e7f5-26fc-5325-ad71-4b34eaadcd1f',
	phone: '(200) 971-1552',
};

export const response200 = {
	lastName: 'Ridolfi',
	phone: '(651) 360-1006',
	userStatus: false,
	email: 'cuhipdaj@la.bn',
	username: 'uOmSZTFYirFBgqqBl',
	firstName: 'Estelle',
	password: 'aasGk',
	id: '6061d59e-0031-54bd-816f-0483dfdb769b',
};
",
  "login-user.ts": "export const queries = {
	username: 'occaecat sunt',
	password: 'nulla enim ex ipsum',
};

export const defaultResponse = 'labore incididunt Ut';

export const response200 = 'minim';
",
  "logout-user.ts": "",
  "place-order.ts": "export const requestBody = {
	shipDate: '1982-11-29T00:00:00.0Z',
	petId: 'ac8d7b87-9dc7-5be4-b0bc-efb5d2809cc1',
	id: 'bdb647d4-e7ce-5f41-aca9-fde54d188904',
	status: 'approved',
	quantity: 3,
	complete: true,
};

export const defaultResponse = {
	petId: '26fbf859-fa20-5514-9b82-e1a891433bcd',
	quantity: 6,
	status: 'delivered',
	complete: true,
	id: '23a056ed-1df4-5546-bfef-1bca14f36be6',
	shipDate: '1950-01-26T14:00:00.0Z',
};

export const response200 = {
	complete: true,
	status: 'approved',
	id: 'fc501c40-2eda-5415-ab89-589e7ca20369',
	quantity: 8,
	petId: 'a7df33c0-8218-5e87-b393-952edf67f0fe',
	shipDate: '2008-09-04T14:00:00.0Z',
};
",
  "update-pet-with-form.ts": "export const queries = { name: 'laboris quis', status: 'occaecat labore' };

export const params = { petId: '68bf35eb-c01b-55dd-908d-2f42339d2ab5' };
",
  "update-pet.ts": "export const requestBody = {
	name: 'Leonard Barnes',
	photoUrls: [
		'http://Hdc.lhhM6vRgOsTfJY.qcVB-JUF.hbpca,ILUrjY',
		'https://wuoEEpMzFXaiqadbsf.owiFLI',
		'http://gYBMrDx.nqLRMYy4+hJUA1M7o,-6FKi1PtjlrqB4',
		'https://qbSDULlJPIquQEHjhWg.ckzSqDcsd2rGOCKLeGAyWz5hQzmZS.KgdEKD5OIK5i4Mv3Dpz6kMbiV6LrBPTru1awwLpUfr',
	],
	category: {
		id: '64c4c670-b2f4-56d2-9703-3732efddc4fa',
		name: 'Betty Baldwin',
	},
	id: 'cb3fdb6b-2ed0-5228-b2b2-b2674dfce151',
	tags: [
		{ name: 'Della Brown', id: '67a6f459-5b36-54ff-adb7-a69554abb184' },
		{
			name: 'Nancy Christensen',
			id: '976f7f1b-2c2b-5658-a5df-116b13a233b1',
		},
		{ name: 'Hannah Arnold', id: 'b2a5868a-07e8-53f2-aa3b-1e04a2d30568' },
		{ name: 'Anne Craig', id: 'f0d530ac-b79a-5238-8253-91d0bd7a6522' },
	],
	status: 'pending',
};

export const defaultResponse = {
	name: 'Sallie Dixon',
	photoUrls: ['http://kvzh.rqsxXpjtkaD.89B2ySgt+'],
	status: 'available',
	tags: [
		{ id: '627a9dda-21e4-579d-b5dc-eb93545a2b13', name: 'Anne Pope' },
		{ name: 'Luke Lowe', id: 'ed27a824-cbc4-53e5-81ed-a466bf4f9076' },
	],
	category: {
		id: 'd34843e8-b93c-53a4-96a3-ca043888e22c',
		name: 'Marcus Boone',
	},
	id: '07148487-a022-5fc6-bf70-56e5b3324cf4',
};

export const response200 = {
	name: 'Kyle Tate',
	photoUrls: [
		'https://VVxDHCjWinWrknFUTGyHqYpwg.blezOV6L4iAn7uaoB-Ep.iILF-A4jVrUt97ORGUYyqoIw3IQS',
		'http://eWPjEBNrHigzmDm.zujuMRHcjOeqL3LUSdWYmeE3MGoeEgQHX4zH',
	],
	tags: [
		{ name: 'Frederick Moss', id: '351d5aa2-29d6-5618-9904-dd8638ed00d6' },
		{ name: 'Ethel Wilkins', id: '8bfbe2ef-d9c3-571b-8e96-44b6c10eca48' },
		{ id: 'c753157f-2e19-570d-8dbc-efd2b3f62910', name: 'Ian Walters' },
		{ name: 'Kenneth Lowe', id: '923b78b6-34df-587b-9350-d73edbca2300' },
	],
	category: {
		id: '310f3ba0-6168-5716-af4c-cba83c0c4b52',
		name: 'Marian Walker',
	},
	status: 'available',
	id: 'f4ded181-19ff-5461-969b-9533afe37a4e',
};
",
  "update-user.ts": "export const params = { username: 'dolore ullamco aliquip tempor Lorem' };

export const requestBody = {
	phone: '(383) 869-1749',
	username: 'cYUbR',
	email: 'wuhlicro@sut.kg',
	id: '044497b0-8a6c-5b0a-93d0-748fa9f4f73c',
	firstName: 'Randall',
	password: 'OJJGTQhetObmh',
	lastName: 'Chiarugi',
	userStatus: false,
};

export const defaultResponse = { id: 'b24d34fb-a105-573f-bf91-8257fbdab0e2' };

export const response200 = { id: '15a24157-921d-5639-9e7f-d513702ecd63' };
",
  "upload-file.ts": "export const queries = {
	additionalMetadata: 'occaecat dolore ut exercitation',
};

export const params = { petId: '97433d6e-aa7e-5605-b6f6-f853e59dbeed' };

export const defaultResponse = {
	type: 'Alejandro Medina',
	code: 254,
	message:
		'Ulgi tudup vifuh vo wi mi kofka lekbad mahunukiv og la fozgup odvehpad kehareku go po sumoho.',
};

export const response200 = {
	code: 457,
	type: 'Olga Byrd',
	message:
		'Gubimtik pep hidcek hic ezivijacu heh tifvi fe apuohe helo doug odlu si putvoj.',
};
",
}
`;

exports[`fakeOperationResponse should accept override objects 2`] = `
Object {
  "email": "nihi@tebo.sr",
  "firstName": "Mattie",
  "id": 1,
  "lastName": "Obrien",
  "password": "fgvFTfclxGDJMYy",
  "phone": "(427) 266-8128",
  "userStatus": false,
  "username": "NUJhKppLRzLwuEtsCO",
}
`;

exports[`fakeOperationResponse should call override functions with fake data 1`] = `
Object {
  "email": "kadamu@ekpat.mm",
  "firstName": "Gussie",
  "id": "03d2920a-e429-5076-903c-ebb605c8dd74",
  "lastName": "Patrick",
  "password": "pRhOgjNzkXdwI",
  "phone": "(968) 243-6306",
  "userStatus": false,
  "username": "vegRiSomyxbVNpn",
}
`;

exports[`writeFake /v3/petstore.json 1`] = `
Object {
  "add-pet.ts": "export const requestBody = {
	name: 'Leila Romero',
	photoUrls: [
		'https://J.ikavk95WRi4SQFo7caNuPEWrH.',
		'http://cPcqgaIlrgJoJvtneMrMOrQ.npBRNY',
		'https://BjDDLUtfgZ.tdxjNif4NfW,2+LT3pJ,4Y6WfwcrCXoItZ',
	],
	id: '5dcf66c5-b4d8-573d-b667-24ecef90450e',
	category: {
		name: 'Edward Gomez',
		id: '2ae5024a-f5dd-5320-a580-189f37afba10',
	},
	status: 'pending',
	tags: [
		{ id: '4e2dd3c9-fa25-521c-a3d2-e53d0b0e30de', name: 'Troy Ford' },
		{ id: '72e0d604-eb73-55be-b17d-13e03020b6fb', name: 'Olga Gross' },
	],
};
",
  "create-user.ts": "export const requestBody = {
	password: 'qEuHp',
	userStatus: false,
	lastName: 'Smith',
	firstName: 'Jonathan',
	id: '7cb660e4-b071-5c98-a0ec-208abd74d404',
	username: 'rBUbBVjSRyJMrQjmBKi',
	email: 'hapwizam@fu.gov',
	phone: '(787) 371-8889',
};
",
  "create-users-with-array-input.ts": "export const requestBody = [
	{
		userStatus: false,
		firstName: 'Edward',
		lastName: 'Boer',
		username: 'roCEQcpjApbj',
		email: 'so@faud.lu',
		phone: '(804) 200-9661',
		password: 'fDFrhYgGJmYVnZbWW',
		id: '9a2c3205-267a-5aa4-ac37-16c592516457',
	},
	{
		email: 'kuhillo@bo.no',
		phone: '(248) 840-3297',
		username: 'iFpQEgbgyhiD',
		lastName: 'Milani',
		firstName: 'Caroline',
		userStatus: false,
		password: 'XxZXvcBCicOHIJoDC',
		id: 'b526a4dd-d6ae-5294-976b-43e0ac3e007a',
	},
	{
		firstName: 'Teresa',
		email: 'awpa@tik.yt',
		lastName: 'Wade',
		id: 'f5079131-2727-55db-8002-d6211c27716a',
		phone: '(924) 415-5989',
		username: 'cMVkTcDeTUUA',
		password: 'ckSGYwYMCkQkqqOMq',
		userStatus: true,
	},
	{
		userStatus: true,
		password: 'YxBmfyDzJHmotmjPy',
		username: 'oJWCRFAerCul',
		lastName: 'Curtis',
		firstName: 'Pearl',
		email: 'vobi@madeve.ne',
		phone: '(545) 268-6606',
		id: 'e99be3fa-fb33-5733-915e-51ab1894f72e',
	},
];
",
  "create-users-with-list-input.ts": "export const requestBody = [
	{
		password: 'TRATLDnXomGwlcHChf',
		firstName: 'Willie',
		email: 'is@moc.bw',
		lastName: 'Waters',
		id: 'b7b46716-b5af-5f57-b75e-b1ab68160fb2',
		username: 'YRMoesVcVSBOPHQFO',
		phone: '(938) 342-7833',
		userStatus: true,
	},
	{
		phone: '(535) 238-8921',
		userStatus: false,
		lastName: 'Lorini',
		email: 'av@ojuod.br',
		id: '4521af32-cc7e-503d-b21f-a7f8cbd40d30',
		username: 'OQUqamMNwrnyMpNtc',
		password: 'sWGvOhxqjabaxaKANk',
		firstName: 'Connor',
	},
	{
		email: 'vasrorat@cemki.ml',
		password: 'uSiSBOegbNCjWQZTMj',
		phone: '(315) 808-9479',
		username: 'xlBgrQBRHCObjrozb',
		lastName: 'Brandt',
		userStatus: true,
		firstName: 'Ada',
		id: '01dc156d-a372-50d2-88b3-508f9ba54023',
	},
	{
		email: 'gobdon@fo.om',
		firstName: 'Clara',
		id: 'c4c7f4b4-c734-5a5f-b49f-c1199beaf3a7',
		lastName: 'Jacobs',
		phone: '(772) 872-9557',
		username: 'BAbUbZaQfihaHZgBX',
		password: 'vNyJUcsfldIVDnIdET',
		userStatus: false,
	},
];
",
  "delete-order.ts": "export const params = { orderId: 'b56048c1-7c4f-572c-9c37-a72ce5c8eba0' };
",
  "delete-pet.ts": "export const headers = { api_key: 'in eiusmod nisi mollit amet' };

export const params = { petId: 'a82ea791-a310-5a08-9a82-3f8fd2db301c' };
",
  "delete-user.ts": "export const params = { username: 'sed dolore aliqua proident amet' };
",
  "find-pets-by-status.ts": "export const queries = {
	status: ['available', 'available', 'available', 'available'],
};
",
  "find-pets-by-tags.ts": "export const queries = {
	tags: ['incididunt fugiat', 'nostrud', 'occaecat nostrud'],
};
",
  "get-inventory.ts": "",
  "get-order-by-id.ts": "export const params = { orderId: '1fe8890d-5a1d-56d5-9c76-f5e2804d4f1b' };
",
  "get-pet-by-id.ts": "export const params = { petId: '79c546ca-12bd-5e8c-946a-663024b41338' };
",
  "get-user-by-name.ts": "export const params = { username: 'aute aliquip ipsum eu non' };
",
  "login-user.ts": "export const queries = { username: 'occaecat', password: 'aute' };
",
  "logout-user.ts": "",
  "place-order.ts": "export const requestBody = {
	status: 'delivered',
	petId: 'ce463db4-326d-5228-9360-4d1f22688ceb',
	id: '5932aad6-a6ae-590e-829e-6024bb3817a6',
	shipDate: '1989-08-17T14:00:00.0Z',
	complete: true,
	quantity: 6,
};
",
  "update-pet-with-form.ts": "export const params = { petId: 'bf482faf-2dc5-5d51-b54d-68731ce4edaf' };

export const requestBody = {
	status: 'non',
	name: 'ut in tempor esse pariatur',
};
",
  "update-pet.ts": "export const requestBody = {
	name: 'Alex Warren',
	photoUrls: [
		'https://fATqFGFicDBYVXv.zeonXxkSPRBhfuYuz3xWDVoK4unuLv8CN',
		'http://tkaWEayktrBoHjyagdrCEzGT.xglGo,.5mirIowvBCw',
		'http://erxXmGvKeVdrVKOvdDlGmOxmVMWBSAUjL.rfuKQiQGysnDlNOwfOXnRuiyvwkZYUYvZswH5mrXyIxDZYaLeLsoR3tMGHhwBDI',
		'https://qJAJRumDGVGWRfYCXGRwMEECjMvjPK.gzjzrC3,0R.X6rXEVN3WgxITwT1APC+SweRN1oD9IzHM3nowl7upzQuEpMiqnAT+jGrQ1gZXl4',
	],
	tags: [
		{ id: '09612127-442a-5734-88f0-7066bd933210', name: 'Trevor Dunn' },
		{ name: 'Jesus Hernandez', id: 'fed5315c-f173-5baf-9ad4-cb4fc9bb3979' },
		{ name: 'Jeffery Burton', id: '6ad885f4-0a75-51e0-ae4c-c865153fd5b6' },
	],
	id: '12c5aee3-ac93-5c92-8c62-63ace9b379cd',
	category: {
		id: '3a59fb11-d2da-5925-8119-398e707ee737',
		name: 'Albert Howell',
	},
	status: 'sold',
};
",
  "update-user.ts": "export const params = { username: 'Lorem velit eiusmod' };

export const requestBody = {
	username: 'BzsuOvUpJXlHBvV',
	lastName: 'Dixon',
	password: 'BDNKFjXtWRbzmOkE',
	email: 'sir@torvapig.fm',
	userStatus: false,
	phone: '(558) 624-2591',
	id: '9d6f0040-940c-55eb-9dfd-b692c6f7f26e',
	firstName: 'Claudia',
};
",
  "upload-file.ts": "export const params = { petId: 'bbf0b71d-1e57-5011-a575-4581eed4aaf5' };

export const requestBody = { additionalMetadata: 'cupidatat nostrud Duis' };
",
}
`;
